Seed set to 123456
Current PID: 14150
Traceback (most recent call last):
  File "/root/working-1/src/main.py", line 67, in <module>
    main()
  File "/root/anaconda3/lib/python3.11/site-packages/hydra/main.py", line 94, in decorated_main
    _run_hydra(
  File "/root/anaconda3/lib/python3.11/site-packages/hydra/_internal/utils.py", line 394, in _run_hydra
    _run_app(
  File "/root/anaconda3/lib/python3.11/site-packages/hydra/_internal/utils.py", line 457, in _run_app
    run_and_report(
  File "/root/anaconda3/lib/python3.11/site-packages/hydra/_internal/utils.py", line 220, in run_and_report
    return func()
           ^^^^^^
  File "/root/anaconda3/lib/python3.11/site-packages/hydra/_internal/utils.py", line 458, in <lambda>
    lambda: hydra.run(
            ^^^^^^^^^^
  File "/root/anaconda3/lib/python3.11/site-packages/hydra/_internal/hydra.py", line 119, in run
    ret = run_job(
          ^^^^^^^^
  File "/root/anaconda3/lib/python3.11/site-packages/hydra/core/utils.py", line 186, in run_job
    ret.return_value = task_function(task_cfg)
                       ^^^^^^^^^^^^^^^^^^^^^^^
  File "/root/working-1/src/main.py", line 57, in main
    testLoss_dict = train(cfg)
                    ^^^^^^^^^^
  File "/root/working-1/src/main.py", line 30, in train
    model: pl.LightningDataModule = instantiate(cfg.model)
                                    ^^^^^^^^^^^^^^^^^^^^^^
  File "/root/anaconda3/lib/python3.11/site-packages/hydra/_internal/instantiate/_instantiate2.py", line 226, in instantiate
    return instantiate_node(
           ^^^^^^^^^^^^^^^^^
  File "/root/anaconda3/lib/python3.11/site-packages/hydra/_internal/instantiate/_instantiate2.py", line 333, in instantiate_node
    _target_ = _resolve_target(node.get(_Keys.TARGET), full_key)
               ^^^^^^^^^^^^^^^^^^^^^^^^^^^^^^^^^^^^^^^^^^^^^^^^^
  File "/root/anaconda3/lib/python3.11/site-packages/hydra/_internal/instantiate/_instantiate2.py", line 134, in _resolve_target
    target = _locate(target)
             ^^^^^^^^^^^^^^^
  File "/root/anaconda3/lib/python3.11/site-packages/hydra/_internal/utils.py", line 635, in _locate
    obj = import_module(part0)
          ^^^^^^^^^^^^^^^^^^^^
  File "/root/anaconda3/lib/python3.11/importlib/__init__.py", line 126, in import_module
    return _bootstrap._gcd_import(name[level:], package, level)
           ^^^^^^^^^^^^^^^^^^^^^^^^^^^^^^^^^^^^^^^^^^^^^^^^^^^^
  File "<frozen importlib._bootstrap>", line 1204, in _gcd_import
  File "<frozen importlib._bootstrap>", line 1176, in _find_and_load
  File "<frozen importlib._bootstrap>", line 1147, in _find_and_load_unlocked
  File "<frozen importlib._bootstrap>", line 690, in _load_unlocked
  File "<frozen importlib._bootstrap_external>", line 940, in exec_module
  File "<frozen importlib._bootstrap>", line 241, in _call_with_frames_removed
  File "/root/working-1/src/model_interface.py", line 11, in <module>
    from models.Ours import OursModel
  File "/root/working-1/src/models/Ours.py", line 8, in <module>
    from timm.layers import trunc_normal_
  File "/root/anaconda3/lib/python3.11/site-packages/timm/__init__.py", line 8, in <module>
    from .models import (
  File "/root/anaconda3/lib/python3.11/site-packages/timm/models/__init__.py", line 1, in <module>
    from .beit import *
  File "/root/anaconda3/lib/python3.11/site-packages/timm/models/beit.py", line 52, in <module>
    from ._builder import build_model_with_cfg
  File "/root/anaconda3/lib/python3.11/site-packages/timm/models/_builder.py", line 14, in <module>
    from timm.models._hub import has_hf_hub, download_cached_file, check_cached_file, load_state_dict_from_hf,\
  File "/root/anaconda3/lib/python3.11/site-packages/timm/models/_hub.py", line 33, in <module>
    from huggingface_hub import (
  File "<frozen importlib._bootstrap>", line 1229, in _handle_fromlist
  File "/root/anaconda3/lib/python3.11/site-packages/huggingface_hub/__init__.py", line 962, in __getattr__
    submod = importlib.import_module(submod_path)
             ^^^^^^^^^^^^^^^^^^^^^^^^^^^^^^^^^^^^
  File "/root/anaconda3/lib/python3.11/importlib/__init__.py", line 126, in import_module
    return _bootstrap._gcd_import(name[level:], package, level)
           ^^^^^^^^^^^^^^^^^^^^^^^^^^^^^^^^^^^^^^^^^^^^^^^^^^^^
  File "/root/anaconda3/lib/python3.11/site-packages/huggingface_hub/hf_api.py", line 671, in <module>
    @dataclass
     ^^^^^^^^^
  File "/root/anaconda3/lib/python3.11/dataclasses.py", line 1230, in dataclass
    return wrap(cls)
           ^^^^^^^^^
  File "/root/anaconda3/lib/python3.11/dataclasses.py", line 1220, in wrap
    return _process_class(cls, init, repr, eq, order, unsafe_hash,
           ^^^^^^^^^^^^^^^^^^^^^^^^^^^^^^^^^^^^^^^^^^^^^^^^^^^^^^^
  File "/root/anaconda3/lib/python3.11/dataclasses.py", line 1027, in _process_class
    _init_fn(all_init_fields,
  File "/root/anaconda3/lib/python3.11/dataclasses.py", line 580, in _init_fn
    return _create_fn('__init__',
           ^^^^^^^^^^^^^^^^^^^^^^
  File "/root/anaconda3/lib/python3.11/dataclasses.py", line 433, in _create_fn
    exec(txt, globals, ns)
  File "<string>", line 0, in <module>
KeyboardInterrupt
Traceback (most recent call last):
  File "/root/working-1/src/main.py", line 3, in <module>
    import pytorch_lightning as pl
  File "/root/anaconda3/lib/python3.11/site-packages/pytorch_lightning/__init__.py", line 25, in <module>
    from lightning_fabric.utilities.seed import seed_everything  # noqa: E402
    ^^^^^^^^^^^^^^^^^^^^^^^^^^^^^^^^^^^^^^^^^^^^^^^^^^^^^^^^^^^
  File "/root/anaconda3/lib/python3.11/site-packages/lightning_fabric/__init__.py", line 35, in <module>
    from lightning_fabric.fabric import Fabric  # noqa: E402
    ^^^^^^^^^^^^^^^^^^^^^^^^^^^^^^^^^^^^^^^^^^
  File "/root/anaconda3/lib/python3.11/site-packages/lightning_fabric/fabric.py", line 40, in <module>
    from lightning_fabric.loggers import Logger
  File "/root/anaconda3/lib/python3.11/site-packages/lightning_fabric/loggers/__init__.py", line 15, in <module>
    from lightning_fabric.loggers.tensorboard import TensorBoardLogger  # noqa: F401
    ^^^^^^^^^^^^^^^^^^^^^^^^^^^^^^^^^^^^^^^^^^^^^^^^^^^^^^^^^^^^^^^^^^
  File "/root/anaconda3/lib/python3.11/site-packages/lightning_fabric/loggers/tensorboard.py", line 31, in <module>
    from lightning_fabric.wrappers import _unwrap_objects
  File "/root/anaconda3/lib/python3.11/site-packages/lightning_fabric/wrappers.py", line 33, in <module>
    from torch._dynamo import OptimizedModule
  File "/root/anaconda3/lib/python3.11/site-packages/torch/_dynamo/__init__.py", line 3, in <module>
    from . import convert_frame, eval_frame, resume_execution
  File "/root/anaconda3/lib/python3.11/site-packages/torch/_dynamo/convert_frame.py", line 53, in <module>
    from . import config, exc, trace_rules
  File "/root/anaconda3/lib/python3.11/site-packages/torch/_dynamo/trace_rules.py", line 3320, in <module>
    FBCODE_SKIP_TORCHREC_DIRS_RE = re.compile(
                                   ^^^^^^^^^^^
  File "/root/anaconda3/lib/python3.11/re/__init__.py", line 227, in compile
    return _compile(pattern, flags)
           ^^^^^^^^^^^^^^^^^^^^^^^^
  File "/root/anaconda3/lib/python3.11/re/__init__.py", line 294, in _compile
    p = _compiler.compile(pattern, flags)
        ^^^^^^^^^^^^^^^^^^^^^^^^^^^^^^^^^
  File "/root/anaconda3/lib/python3.11/re/_compiler.py", line 749, in compile
    code = _code(p, flags)
           ^^^^^^^^^^^^^^^
  File "/root/anaconda3/lib/python3.11/re/_compiler.py", line 582, in _code
    _compile(code, p.data, flags)
  File "/root/anaconda3/lib/python3.11/re/_compiler.py", line 128, in _compile
    _compile(code, p, _combine_flags(flags, add_flags, del_flags))
  File "/root/anaconda3/lib/python3.11/re/_compiler.py", line 176, in _compile
    _compile(code, av, flags)
  File "/root/anaconda3/lib/python3.11/re/_compiler.py", line 59, in _compile
    emit(op)
KeyboardInterrupt
Traceback (most recent call last):
  File "/root/working-1/src/main.py", line 3, in <module>
    import pytorch_lightning as pl
  File "/root/anaconda3/lib/python3.11/site-packages/pytorch_lightning/__init__.py", line 25, in <module>
    from lightning_fabric.utilities.seed import seed_everything  # noqa: E402
    ^^^^^^^^^^^^^^^^^^^^^^^^^^^^^^^^^^^^^^^^^^^^^^^^^^^^^^^^^^^
  File "/root/anaconda3/lib/python3.11/site-packages/lightning_fabric/__init__.py", line 35, in <module>
    from lightning_fabric.fabric import Fabric  # noqa: E402
    ^^^^^^^^^^^^^^^^^^^^^^^^^^^^^^^^^^^^^^^^^^
  File "/root/anaconda3/lib/python3.11/site-packages/lightning_fabric/fabric.py", line 40, in <module>
    from lightning_fabric.loggers import Logger
  File "/root/anaconda3/lib/python3.11/site-packages/lightning_fabric/loggers/__init__.py", line 15, in <module>
    from lightning_fabric.loggers.tensorboard import TensorBoardLogger  # noqa: F401
    ^^^^^^^^^^^^^^^^^^^^^^^^^^^^^^^^^^^^^^^^^^^^^^^^^^^^^^^^^^^^^^^^^^
  File "/root/anaconda3/lib/python3.11/site-packages/lightning_fabric/loggers/tensorboard.py", line 31, in <module>
    from lightning_fabric.wrappers import _unwrap_objects
  File "/root/anaconda3/lib/python3.11/site-packages/lightning_fabric/wrappers.py", line 33, in <module>
    from torch._dynamo import OptimizedModule
  File "/root/anaconda3/lib/python3.11/site-packages/torch/_dynamo/__init__.py", line 3, in <module>
    from . import convert_frame, eval_frame, resume_execution
  File "/root/anaconda3/lib/python3.11/site-packages/torch/_dynamo/convert_frame.py", line 53, in <module>
    from . import config, exc, trace_rules
  File "/root/anaconda3/lib/python3.11/site-packages/torch/_dynamo/trace_rules.py", line 44, in <module>
    from .resume_execution import TORCH_DYNAMO_RESUME_IN_PREFIX
  File "/root/anaconda3/lib/python3.11/site-packages/torch/_dynamo/resume_execution.py", line 8, in <module>
    from .bytecode_transformation import (
  File "/root/anaconda3/lib/python3.11/site-packages/torch/_dynamo/bytecode_transformation.py", line 555, in <module>
    def check_exception_table(tab: List[ExceptionTableEntry]) -> None:
                                   ~~~~^^^^^^^^^^^^^^^^^^^^^
  File "/root/anaconda3/lib/python3.11/typing.py", line 362, in inner
    return cached(*args, **kwds)
           ^^^^^^^^^^^^^^^^^^^^^
  File "/root/anaconda3/lib/python3.11/typing.py", line 1577, in __getitem__
    return self.copy_with(params)
           ^^^^^^^^^^^^^^^^^^^^^^
  File "/root/anaconda3/lib/python3.11/typing.py", line 1580, in copy_with
    return _GenericAlias(self.__origin__, params,
           ^^^^^^^^^^^^^^^^^^^^^^^^^^^^^^^^^^^^^^
  File "/root/anaconda3/lib/python3.11/typing.py", line 1362, in __init__
    super().__init__(origin, inst=inst, name=name)
  File "/root/anaconda3/lib/python3.11/typing.py", line 1268, in __init__
    self.__origin__ = origin
    ^^^^^^^^^^^^^^^
  File "/root/anaconda3/lib/python3.11/typing.py", line 1305, in __setattr__
    if _is_dunder(attr) or attr in {'_name', '_inst', '_nparams',
       ^^^^^^^^^^^^^^^^
  File "/root/anaconda3/lib/python3.11/typing.py", line 1253, in _is_dunder
    return attr.startswith('__') and attr.endswith('__')
           ^^^^^^^^^^^^^^^^^^^^^
KeyboardInterrupt
